[
  {
    "type": "gem",
    "namespace": null,
    "name": "red-datasets-numo-narray",
    "version": "DatasetsNumoNArray::VERSION",
    "qualifiers": {},
    "subpath": null,
    "primary_language": "Ruby",
    "description": "",
    "release_date": null,
    "parties": [
      {
        "type": "person",
        "role": "author",
        "name": "Kouhei Sutou",
        "email": null,
        "url": null
      },
      {
        "type": "person",
        "role": "author",
        "name": null,
        "email": "kou@clear-code.com",
        "url": null
      }
    ],
    "keywords": [],
    "homepage_url": "https://github.com/red-data-tools/red-datasets-numo-narray",
    "download_url": "https://rubygems.org/downloads/red-datasets-numo-narray-DatasetsNumoNArray::VERSION.gem",
    "size": null,
    "sha1": null,
    "md5": null,
    "sha256": null,
    "sha512": null,
    "bug_tracking_url": null,
    "code_view_url": null,
    "vcs_url": null,
    "copyright": null,
    "declared_license_expression": "mit",
    "declared_license_expression_spdx": "MIT",
    "license_detections": [
      {
        "license_expression": "mit",
        "detection_log": [
          "not-combined"
        ],
        "matches": [
          {
            "score": 100.0,
            "start_line": 1,
            "end_line": 1,
            "matched_length": 1,
            "match_coverage": 100.0,
            "matcher": "1-spdx-id",
            "license_expression": "mit",
            "rule_identifier": "spdx-license-identifier: mit",
            "rule_url": null,
            "referenced_filenames": [],
            "is_license_text": false,
            "is_license_notice": false,
            "is_license_reference": false,
            "is_license_tag": true,
            "is_license_intro": false,
            "rule_length": 1,
            "rule_relevance": 100,
            "matched_text": "MIT",
            "licenses": [
              {
                "key": "mit",
                "name": "MIT License",
                "short_name": "MIT License",
                "category": "Permissive",
                "is_exception": false,
                "is_unknown": false,
                "owner": "MIT",
                "homepage_url": "http://opensource.org/licenses/mit-license.php",
                "text_url": "http://opensource.org/licenses/mit-license.php",
                "reference_url": "https://scancode-licensedb.aboutcode.org/mit",
                "scancode_url": "https://github.com/nexB/scancode-toolkit/tree/develop/src/licensedcode/data/licenses/mit.LICENSE",
                "spdx_license_key": "MIT",
                "spdx_url": "https://spdx.org/licenses/MIT"
              }
            ]
          }
        ]
      }
    ],
    "other_license_expression": null,
    "other_license_expression_spdx": null,
    "other_license_detections": [],
    "extracted_license_statement": "MIT",
    "notice_text": null,
    "source_packages": [],
    "file_references": [],
    "extra_data": {},
    "dependencies": [
      {
        "purl": "pkg:gem/bundler",
        "extracted_requirement": "",
        "scope": "development",
        "is_runtime": false,
        "is_optional": true,
        "is_resolved": false,
        "resolved_package": {},
        "extra_data": {}
      },
      {
        "purl": "pkg:gem/rake",
        "extracted_requirement": "",
        "scope": "development",
        "is_runtime": false,
        "is_optional": true,
        "is_resolved": false,
        "resolved_package": {},
        "extra_data": {}
      },
      {
        "purl": "pkg:gem/test-unit",
        "extracted_requirement": "",
        "scope": "development",
        "is_runtime": false,
        "is_optional": true,
        "is_resolved": false,
        "resolved_package": {},
        "extra_data": {}
      },
      {
        "purl": "pkg:gem/yard",
        "extracted_requirement": "",
        "scope": "development",
        "is_runtime": false,
        "is_optional": true,
        "is_resolved": false,
        "resolved_package": {},
        "extra_data": {}
      },
      {
        "purl": "pkg:gem/kramdown",
        "extracted_requirement": "",
        "scope": "development",
        "is_runtime": false,
        "is_optional": true,
        "is_resolved": false,
        "resolved_package": {},
        "extra_data": {}
      },
      {
        "purl": "pkg:gem/numo-narray",
        "extracted_requirement": "",
        "scope": "runtime",
        "is_runtime": true,
        "is_optional": false,
        "is_resolved": false,
        "resolved_package": {},
        "extra_data": {}
      },
      {
        "purl": "pkg:gem/red-datasets",
        "extracted_requirement": "",
        "scope": "runtime",
        "is_runtime": true,
        "is_optional": false,
        "is_resolved": false,
        "resolved_package": {},
        "extra_data": {}
      }
    ],
    "repository_homepage_url": "https://rubygems.org/gems/red-datasets-numo-narray/versions/DatasetsNumoNArray::VERSION",
    "repository_download_url": "https://rubygems.org/downloads/red-datasets-numo-narray-DatasetsNumoNArray::VERSION.gem",
    "api_data_url": "https://rubygems.org/api/v2/rubygems/red-datasets-numo-narray/versions/DatasetsNumoNArray::VERSION.json",
    "datasource_id": "gemspec",
    "purl": "pkg:gem/red-datasets-numo-narray@DatasetsNumoNArray::VERSION"
  }
]