[
  {
    "type": "gem",
    "namespace": null,
    "name": "devise",
    "version": "Devise::VERSION.dup",
    "qualifiers": {},
    "subpath": null,
    "primary_language": "Ruby",
    "description": "Flexible authentication solution for Rails with Warden",
    "release_date": null,
    "parties": [
      {
        "type": "person",
        "role": "author",
        "name": "Jos\u00e9 Valim",
        "email": null,
        "url": null
      },
      {
        "type": "person",
        "role": "author",
        "name": " Carlos Ant\u00f4nio",
        "email": null,
        "url": null
      },
      {
        "type": "person",
        "role": "author",
        "name": null,
        "email": "heartcombo@googlegroups.com",
        "url": null
      }
    ],
    "keywords": [],
    "homepage_url": "https://github.com/heartcombo/devise",
    "download_url": "https://rubygems.org/downloads/devise-Devise::VERSION.dup.gem",
    "size": null,
    "sha1": null,
    "md5": null,
    "sha256": null,
    "sha512": null,
    "bug_tracking_url": null,
    "code_view_url": null,
    "vcs_url": null,
    "copyright": null,
    "declared_license_expression": null,
    "declared_license_expression_spdx": null,
    "license_detections": [],
    "other_license_expression": null,
    "other_license_expression_spdx": null,
    "other_license_detections": [],
    "extracted_license_statement": null,
    "notice_text": null,
    "source_packages": [],
    "file_references": [],
    "extra_data": {},
    "dependencies": [
      {
        "purl": "pkg:gem/warden",
        "extracted_requirement": "~> 1.2.3",
        "scope": "dependency",
        "is_runtime": true,
        "is_optional": false,
        "is_resolved": false,
        "resolved_package": {},
        "extra_data": {}
      },
      {
        "purl": "pkg:gem/orm_adapter",
        "extracted_requirement": "~> 0.1",
        "scope": "dependency",
        "is_runtime": true,
        "is_optional": false,
        "is_resolved": false,
        "resolved_package": {},
        "extra_data": {}
      },
      {
        "purl": "pkg:gem/bcrypt",
        "extracted_requirement": "~> 3.0",
        "scope": "dependency",
        "is_runtime": true,
        "is_optional": false,
        "is_resolved": false,
        "resolved_package": {},
        "extra_data": {}
      },
      {
        "purl": "pkg:gem/railties",
        "extracted_requirement": ">= 4.1.0",
        "scope": "dependency",
        "is_runtime": true,
        "is_optional": false,
        "is_resolved": false,
        "resolved_package": {},
        "extra_data": {}
      },
      {
        "purl": "pkg:gem/responders",
        "extracted_requirement": "",
        "scope": "dependency",
        "is_runtime": true,
        "is_optional": false,
        "is_resolved": false,
        "resolved_package": {},
        "extra_data": {}
      }
    ],
    "repository_homepage_url": "https://rubygems.org/gems/devise/versions/Devise::VERSION.dup",
    "repository_download_url": "https://rubygems.org/downloads/devise-Devise::VERSION.dup.gem",
    "api_data_url": "https://rubygems.org/api/v2/rubygems/devise/versions/Devise::VERSION.dup.json",
    "datasource_id": "gemspec",
    "purl": "pkg:gem/devise@Devise::VERSION.dup"
  }
]